#PowerShell使用

#課題のエラー内容
"""
>>> price1 = 100
>>> price2 = 200
>>>
>>> def total():
...     tax = 1.1
...     return price1 + price2
...
>>> print(total() * tax)
Traceback (most recent call last):
  File "<stdin>", line 1, in <module>
NameError: name 'tax' is not defined. Did you mean: 'max'?
"""

#解答
"""
>>> price1 = 100
>>> price2 = 200
>>> tax = 1.1
>>>
>>> def total():
...     return price1 + price2
...
>>> print(total() * tax)
330.0
"""
